V1 3
FL C:/Programlar/Xilinx/bin/queue/pulsecatch.vhd 2005/06/05.13:42:07
AR work/PULSECATCH/BEHAVIORAL FL C:/Programlar/Xilinx/bin/queue/pulsecatch.vhd \
      EN work/PULSECATCH
EN work/PULSECATCH      FL C:/Programlar/Xilinx/bin/queue/pulsecatch.vhd \
      PB ieee/STD_LOGIC_1164 PB ieee/STD_LOGIC_ARITH PB ieee/STD_LOGIC_UNSIGNED
