<area shape="rect" href="$classsac.html#ff949b16be8134d0f2e81a61936d96f9" title="sac::calculatePickTime" alt="" coords="217,107,375,133">
<area shape="rect" href="$classsac.html#c6e06e0f852b0e30eb5a48981e553d46" title="sac::callAPicker" alt="" coords="239,183,353,209">
<area shape="rect" href="$classsac.html#719190d6770bcdb6032fe3dd61eefdde" title="sac::readFile" alt="" coords="247,233,345,260">
<area shape="rect" href="$classsac.html#8f84a629ca40a613402d5de241bc69d8" title="sac::setWindow" alt="" coords="239,284,353,311">
<area shape="rect" href="$classwindow.html#138a32c2868ac641a7d1338c76e58894" title="window::addPick" alt="" coords="435,5,557,32">
<area shape="rect" href="$classsac.html#70996c22dc465f5262f04a7002cfc0c6" title="sac::calculateMonth" alt="" coords="427,56,565,83">
<area shape="rect" href="$classsac.html#4c661cc0f5bb3d17e549fadbf9312062" title="sac::formattedString" alt="" coords="425,107,567,133">
<area shape="rect" href="$classstringop.html#60be1e09c2d384393d1f5d6a36a4f5d8" title="stringop::ltoa" alt="" coords="763,132,861,159">
<area shape="rect" href="$classstringop.html#1efd534ebc63510e7faf2882ced186ec" title="stringop::itoa" alt="" coords="616,107,715,133">
<area shape="rect" href="$sac_8cpp.html#342f0d285273c7925512954cf4898ac2" title="apick_" alt="" coords="467,208,525,235">
