<area shape="rect" href="$classsac.html#ab6d49cb4b4810eaecc99ca1877a45cb" title="sac::calculatePickValue" alt="" coords="104,81,267,108">
<area shape="rect" href="$classsac.html#7b665d6e5efa588ba3e451c174f7c52b" title="sac::callHYP02d" alt="" coords="125,132,245,159">
<area shape="rect" href="$classsac.html#5c4b918f4a8dfb73884f5dfa7f4739f9" title="sac::createHypoFooter" alt="" coords="107,183,264,209">
<area shape="rect" href="$classsac.html#4c400410aaaed4998486fbbf2eb04829" title="sac::createHypoHeader" alt="" coords="104,233,267,260">
<area shape="rect" href="$classeq_file_op.html#3a102d32e4b1ad1a8bf02ad3180fa236" title="eqFileOp::extract" alt="" coords="124,284,247,311">
<area shape="rect" href="$classpick_filter.html#c79617cd4b03188be4909dce9122c7b1" title="pickFilter::filterData" alt="" coords="117,335,253,361">
<area shape="rect" href="$classpick_filter.html#a14d8cb29f92e22ccce1d9ec96aa63a3" title="pickFilter::filterWindow" alt="" coords="108,385,263,412">
<area shape="rect" href="$classbash_script.html#c290d65dd1b19e766d7ab6a4277e3be6" title="bashScript::getDataFiles" alt="" coords="315,404,483,431">
<area shape="rect" href="$classsac.html#45d899cdee555a22cd89be6692f1921c" title="sac::getWindowListSize" alt="" coords="104,487,267,513">
<area shape="rect" href="$classeq_db.html#d737070933eee65aa2e5acb6c12a7ddd" title="eqDb::insertLocation" alt="" coords="113,537,257,564">
<area shape="rect" href="$classeq_file_op.html#24bf8e72d10f9eda33f6f463bba33e0a" title="eqFileOp::listFiles" alt="" coords="121,588,249,615">
<area shape="rect" href="$classeq_db.html#061268810f361afca3364dded49de3f0" title="eqDb::updateHour" alt="" coords="120,639,251,665">
<area shape="rect" href="$classsac.html#ff949b16be8134d0f2e81a61936d96f9" title="sac::calculatePickTime" alt="" coords="320,157,477,184">
<area shape="rect" href="$classsac.html#c6e06e0f852b0e30eb5a48981e553d46" title="sac::callAPicker" alt="" coords="341,5,456,32">
<area shape="rect" href="$classsac.html#719190d6770bcdb6032fe3dd61eefdde" title="sac::readFile" alt="" coords="349,56,448,83">
<area shape="rect" href="$classsac.html#8f84a629ca40a613402d5de241bc69d8" title="sac::setWindow" alt="" coords="341,107,456,133">
<area shape="rect" href="$classwindow.html#138a32c2868ac641a7d1338c76e58894" title="window::addPick" alt="" coords="541,157,664,184">
<area shape="rect" href="$classsac.html#70996c22dc465f5262f04a7002cfc0c6" title="sac::calculateMonth" alt="" coords="533,208,672,235">
<area shape="rect" href="$classsac.html#4c661cc0f5bb3d17e549fadbf9312062" title="sac::formattedString" alt="" coords="532,259,673,285">
<area shape="rect" href="$classstringop.html#60be1e09c2d384393d1f5d6a36a4f5d8" title="stringop::ltoa" alt="" coords="869,183,968,209">
<area shape="rect" href="$classstringop.html#1efd534ebc63510e7faf2882ced186ec" title="stringop::itoa" alt="" coords="723,259,821,285">
<area shape="rect" href="$sac_8cpp.html#342f0d285273c7925512954cf4898ac2" title="apick_" alt="" coords="573,5,632,32">
<area shape="rect" href="$sac_8cpp.html#694baed087b4d88460bebb4e58c85ef6" title="hyp02d_" alt="" coords="363,208,435,235">
<area shape="rect" href="$classbash_script.html#b4c98081bd8af4f56747daeca8947262" title="bashScript::getTime" alt="" coords="532,341,673,368">
<area shape="rect" href="$classstringop.html#2109ae94dfa1dc534c3d5472d3568f52" title="stringop::ftoa" alt="" coords="349,537,448,564">
