<area shape="rect" title="kuser2\nko\nkevnm\nkt0\nkhole\nkstnm\nknetwk\nkt1\nkt2\nka\nkt3\nkt4\nkt5\nkinst\nkcmpnm\nkt6\nkf\nkt7\nkt8\nkt9\nkdatrd\nkuser0\nkuser1" alt="" coords="25,81,33,89">
<area shape="rect" title="kuser2\nko\nkevnm\nkt0\nkhole\nkstnm\nknetwk\nkt1\nkt2\nka\nkt3\nkt4\nkt5\nkinst\nkcmpnm\nkt6\nkf\nkt7\nkt8\nkt9\nkdatrd\nkuser0\nkuser1" alt="" coords="63,1520,71,1528">
<area shape="rect" title="unused10\nresp4\nf\nt0\nunused11\ngcarc\nresp5\nt1\nunused12\nresp6\nt2\ninternal1\ninternal2\nuser0\nevlo\nresp7\nt3\ndepmin\ndelta\ninternal3\nbaz\nuser1\nstlo\nresp8\nt4\nscale\ndepmax\nuser2\nunused1\nresp9\nt5\nunused2\ndist\nuser3\nevla\nt6\nunused3\ndepmen\nuser4\nevel\nstla\nt7\nunused4\ncmpaz\naz\nuser5\nstel\nt8\nunused5\ncmpinc\nuser6\nt9\no\nunused6\nuser7\nunused7\nuser8\nodelta\nunused8\nuser9\nevdp\na\nunused9\nstdp\nresp0\nb\nresp1\nresp2\nresp3\ne" alt="" coords="108,81,116,89">
<area shape="rect" title="unused10\nresp4\nf\nt0\nunused11\ngcarc\nresp5\nt1\nunused12\nresp6\nt2\ninternal1\ninternal2\nuser0\nevlo\nresp7\nt3\ndepmin\ndelta\ninternal3\nbaz\nuser1\nstlo\nresp8\nt4\nscale\ndepmax\nuser2\nunused1\nresp9\nt5\nunused2\ndist\nuser3\nevla\nt6\nunused3\ndepmen\nuser4\nevel\nstla\nt7\nunused4\ncmpaz\naz\nuser5\nstel\nt8\nunused5\ncmpinc\nuser6\nt9\no\nunused6\nuser7\nunused7\nuser8\nodelta\nunused8\nuser9\nevdp\na\nunused9\nstdp\nresp0\nb\nresp1\nresp2\nresp3\ne" alt="" coords="108,1249,116,1257">
<area shape="rect" title="unused21\nnzmin\nunused22\niqual\nnpts\nunused23\nievtyp\nunused24\nunused13\nunused25\nisynth\nunused14\nunused26\nunused15\ninternal4\nunused27\nunused16\nidep\ninternal5\nunused17\ninternal6\nunused18\niftype\ninternal7\nunused19\niinst\ninternal8\nnzyear\nistreg\nievreg\niztype\nlovrok\nnzjday\nlpspol\nleven\nlcalda\nunused20\nnzmsec\nnzsec\nnzhour" alt="" coords="197,81,205,89">
<area shape="rect" title="unused21\nnzmin\nunused22\niqual\nnpts\nunused23\nievtyp\nunused24\nunused13\nunused25\nisynth\nunused14\nunused26\nunused15\ninternal4\nunused27\nunused16\nidep\ninternal5\nunused17\ninternal6\nunused18\niftype\ninternal7\nunused19\niinst\ninternal8\nnzyear\nistreg\nievreg\niztype\nlovrok\nnzjday\nlpspol\nleven\nlcalda\nunused20\nnzmsec\nnzsec\nnzhour" alt="" coords="155,1521,163,1529">
